The program converts km/h to m/s.
Enter the speed in km/h:
The speed in m/s: 1.3888888888888888
