The program prints the perimeter and the square of a rectangle given the rectangle sides.
Enter the length and the breadth of the rectangle:
Perimeter: 6
Square: 0
