The program prints the perimeter and the square of a circle given the radius.
Enter the radius:
Perimeter: 25.132741228718345
Square: 50.26548245743669
