The program converts temperature from Celsius to Fahrenheit.
Enter the temperature in Celsius:
The temperature in Fahrenheit: 212
